C:\Users\pooja\Downloads\VesselGuard-AI (2)\VesselGuard-AI\backend\src\main\java\com\vesselguard\controller\HistoryController.java
C:\Users\pooja\Downloads\VesselGuard-AI (2)\VesselGuard-AI\backend\src\main\java\com\vesselguard\dto\AuthResponse.java
C:\Users\pooja\Downloads\VesselGuard-AI (2)\VesselGuard-AI\backend\src\main\java\com\vesselguard\dto\LoginRequest.java
C:\Users\pooja\Downloads\VesselGuard-AI (2)\VesselGuard-AI\backend\src\main\java\com\vesselguard\controller\AuthController.java
C:\Users\pooja\Downloads\VesselGuard-AI (2)\VesselGuard-AI\backend\src\main\java\com\vesselguard\VesselGuardApplication.java
C:\Users\pooja\Downloads\VesselGuard-AI (2)\VesselGuard-AI\backend\src\main\java\com\vesselguard\dto\RegisterRequest.java
C:\Users\pooja\Downloads\VesselGuard-AI (2)\VesselGuard-AI\backend\src\main\java\com\vesselguard\entity\Patient.java
C:\Users\pooja\Downloads\VesselGuard-AI (2)\VesselGuard-AI\backend\src\main\java\com\vesselguard\service\AuthService.java
C:\Users\pooja\Downloads\VesselGuard-AI (2)\VesselGuard-AI\backend\src\main\java\com\vesselguard\repository\UserRepository.java
C:\Users\pooja\Downloads\VesselGuard-AI (2)\VesselGuard-AI\backend\src\main\java\com\vesselguard\dto\PatientRequest.java
C:\Users\pooja\Downloads\VesselGuard-AI (2)\VesselGuard-AI\backend\src\main\java\com\vesselguard\dto\PredictionResponse.java
C:\Users\pooja\Downloads\VesselGuard-AI (2)\VesselGuard-AI\backend\src\main\java\com\vesselguard\service\MLClientService.java
C:\Users\pooja\Downloads\VesselGuard-AI (2)\VesselGuard-AI\backend\src\main\java\com\vesselguard\config\CorsConfig.java
C:\Users\pooja\Downloads\VesselGuard-AI (2)\VesselGuard-AI\backend\src\main\java\com\vesselguard\controller\PatientController.java
C:\Users\pooja\Downloads\VesselGuard-AI (2)\VesselGuard-AI\backend\src\main\java\com\vesselguard\dto\PredictionRequest.java
C:\Users\pooja\Downloads\VesselGuard-AI (2)\VesselGuard-AI\backend\src\main\java\com\vesselguard\entity\Prediction.java
C:\Users\pooja\Downloads\VesselGuard-AI (2)\VesselGuard-AI\backend\src\main\java\com\vesselguard\exception\GlobalExceptionHandler.java
C:\Users\pooja\Downloads\VesselGuard-AI (2)\VesselGuard-AI\backend\src\main\java\com\vesselguard\service\PatientService.java
C:\Users\pooja\Downloads\VesselGuard-AI (2)\VesselGuard-AI\backend\src\main\java\com\vesselguard\entity\User.java
C:\Users\pooja\Downloads\VesselGuard-AI (2)\VesselGuard-AI\backend\src\main\java\com\vesselguard\service\PredictionService.java
C:\Users\pooja\Downloads\VesselGuard-AI (2)\VesselGuard-AI\backend\src\main\java\com\vesselguard\repository\PatientRepository.java
C:\Users\pooja\Downloads\VesselGuard-AI (2)\VesselGuard-AI\backend\src\main\java\com\vesselguard\controller\PredictionController.java
C:\Users\pooja\Downloads\VesselGuard-AI (2)\VesselGuard-AI\backend\src\main\java\com\vesselguard\repository\PredictionRepository.java
